// Jest Snapshot v1, https://goo.gl/fbAQLP

exports[`renders Projects correctly 1`] = `
<div
  className="projects-main"
>
  <div
    className="projects-title"
  >
    <h1>
      Explore projects
    </h1>
  </div>
  <div
    className="projects-wrapper"
  />
</div>
`;
